Java HotSpot(TM) 64-Bit Server VM (25.181-b13) for bsd-amd64 JRE (1.8.0_181-b13), built on Jul  7 2018 01:02:31 by "java_re" with gcc 4.2.1 (Based on Apple Inc. build 5658) (LLVM build 2336.11.00)
Memory: 4k page, physical 33554432k(3860300k free)

/proc/meminfo:

CommandLine flags: -XX:CompressedClassSpaceSize=2097152 -XX:+HeapDumpOnOutOfMemoryError -XX:HeapDumpPath=./jvm-tuning -XX:InitialHeapSize=536870912 -XX:MaxHeapSize=8589934592 -XX:MaxMetaspaceSize=10485760 -XX:MaxNewSize=872415232 -XX:MaxTenuringThreshold=6 -XX:MetaspaceSize=10485760 -XX:OldPLABSize=16 -XX:+PrintGC -XX:+PrintGCDetails -XX:+PrintGCTimeStamps -XX:+UseCompressedClassPointers -XX:+UseCompressedOops -XX:+UseConcMarkSweepGC -XX:+UseParNewGC 
0.785: [GC (Allocation Failure) 0.785: [ParNew: 139776K->2998K(157248K), 0.0035400 secs] 139776K->2998K(506816K), 0.0036636 secs] [Times: user=0.02 sys=0.00, real=0.01 secs] 
0.821: [Full GC (Metadata GC Threshold) 0.821: [CMS: 0K->2255K(349568K), 0.0685943 secs] 12614K->2255K(506816K), [Metaspace: 9435K->9435K(1058816K)], 0.0687130 secs] [Times: user=0.09 sys=0.03, real=0.07 secs] 
0.890: [Full GC (Last ditch collection) 0.890: [CMS: 2255K->1296K(349568K), 0.0139380 secs] 2255K->1296K(506944K), [Metaspace: 9435K->9435K(1058816K)], 0.0140281 secs] [Times: user=0.02 sys=0.00, real=0.01 secs] 
0.904: [GC (CMS Initial Mark) [1 CMS-initial-mark: 1296K(349568K)] 1296K(506944K), 0.0001766 secs] [Times: user=0.00 sys=0.00, real=0.00 secs] 
0.904: [CMS-concurrent-mark-start]
0.921: [Full GC (Metadata GC Threshold) 0.922: [CMS0.923: [CMS-concurrent-mark: 0.003/0.019 secs] [Times: user=0.05 sys=0.00, real=0.02 secs] 
 (concurrent mode failure): 1296K->1293K(349568K), 0.0150086 secs] 6836K->1293K(506944K), [Metaspace: 9458K->9458K(1058816K)], 0.0151301 secs] [Times: user=0.03 sys=0.00, real=0.02 secs] 
0.937: [Full GC (Last ditch collection) 0.937: [CMS: 1293K->1293K(349568K), 0.0123723 secs] 1293K->1293K(506944K), [Metaspace: 9458K->9458K(1058816K)], 0.0124647 secs] [Times: user=0.03 sys=0.00, real=0.01 secs] 
Heap
 par new generation   total 157376K, used 4141K [0x00000005ffe00000, 0x000000060a8c0000, 0x0000000633e00000)
  eden space 139904K,   2% used [0x00000005ffe00000, 0x000000060020b5f0, 0x00000006086a0000)
  from space 17472K,   0% used [0x00000006086a0000, 0x00000006086a0000, 0x00000006097b0000)
  to   space 17472K,   0% used [0x00000006097b0000, 0x00000006097b0000, 0x000000060a8c0000)
 concurrent mark-sweep generation total 349568K, used 1293K [0x0000000633e00000, 0x0000000649360000, 0x00000007ffe00000)
 Metaspace       used 9464K, capacity 10186K, committed 10240K, reserved 1058816K
  class space    used 824K, capacity 881K, committed 896K, reserved 1048576K
